10
7
3
6
1
4
8
2
1
5
1
2
2
4
3
4
1
5
1
3
4
7
1
3
3
1
2
3
2
6
12
3
2
3
2
8
1
7
3
2
7
10
12
2
2
3
2
3
5
1
2
2
5
4
4
2
2
1
2
4
2
6
2
5
6
2
10
1
2
1
4
6
2
2
2
10
1
7
1
3
2
2
1
4
2
2
11
5
2
1
7
1
6
10
2
7
5
2
2
3
4
6
3
8
1
2
1
8
4
3
1
8
3
3
5
3
2
3
6
6
2
3
9
2
9
2
5
1
2
5
7
1
3
2
6
9
3
2
7
4
8
1
9
3
7
6
3
1
3
1
2
2
2
2
1
4
2
1
2
9
2
6
2
4
2
11
9
2
7
1
14
2
2
3
4
2
2
2
2
2
1
9
2
6
2
5
6
1
1
6
3
8
3
7
2
1
7
4
7
5
2
2
1
1
2
3
3
2
2
3
1
2
8
2
1
2
1
2
8
8
5
6
3
3
3
3
1
1
4
8
2
8
17
2
3
4
8
5
2
1
1
1
2
11
1
5
9
2
1
2
3
7
5
2
2
5
5
2
5
2
16
15
6
4
5
5
2
5
5
2
2
4
4
2
7
2
6
3
1
1
3
3
3
1
2
2
1
3
4
4
6
4
3
3
3
2
4
10
11
4
4
5
2
2
5
1
2
1
2
1
4
2
1
2
3
2
3
3
1
3
3
1
3
7
2
1
7
1
1
3
10
4
7
6
2
7
3
11
4
5
13
7
4
2
6
10
2
8
11
