3
2
5
2
6
3
8
1
3
2
3
3
1
1
7
8
4
6
1
6
2
12
2
3
2
3
4
4
3
2
2
1
1
1
2
2
2
2
2
2
1
3
2
2
2
2
2
4
2
2
2
2
1
4
2
3
2
8
3
2
3
2
2
5
3
3
2
3
2
2
1
3
3
7
1
5
4
1
2
2
13
7
2
4
2
4
2
2
2
2
2
1
2
2
7
3
6
2
3
2
2
3
2
2
2
2
8
3
2
2
5
2
5
4
2
4
3
12
5
2
1
5
5
5
7
1
1
3
1
1
3
1
2
1
1
2
2
2
2
2
2
3
2
1
2
7
7
2
2
4
8
2
7
10
4
2
2
2
3
6
2
5
4
5
4
1
2
4
4
1
7
2
5
7
1
3
2
7
2
6
2
5
1
2
2
3
2
4
3
1
8
3
2
1
2
1
2
1
6
3
9
1
1
2
2
2
6
1
6
3
2
2
2
1
5
11
12
2
5
2
6
2
3
8
1
9
2
2
7
2
4
5
3
10
10
3
1
4
2
6
16
1
2
2
3
2
3
2
2
3
3
4
2
5
1
4
6
1
4
7
1
3
6
6
4
4
6
6
6
4
4
7
2
3
6
1
5
6
3
2
2
4
8
6
6
3
8
3
1
3
4
5
4
2
2
2
4
3
1
1
10
7
6
2
1
2
5
7
9
6
7
3
2
2
1
5
1
1
8
4
1
4
2
2
3
6
2
7
7
2
8
1
3
7
7
