2
2
2
2
2
1
2
5
6
2
12
5
2
1
2
2
3
4
9
3
1
9
4
1
1
5
4
10
3
1
2
2
2
3
3
2
1
4
2
1
14
8
5
2
2
2
4
2
5
5
1
4
3
3
1
2
3
1
8
7
2
2
2
2
5
15
2
10
3
6
7
4
4
6
1
4
3
16
3
1
2
5
2
2
3
1
10
3
2
1
2
4
2
6
2
7
4
2
2
2
1
9
3
6
2
6
3
3
4
7
3
2
1
2
8
1
4
2
3
9
2
2
4
3
4
2
4
4
4
7
7
3
2
1
3
5
1
3
1
5
12
8
15
5
5
1
5
7
2
8
3
3
2
3
3
1
3
2
2
5
11
1
1
6
3
6
6
6
2
3
8
1
6
2
5
9
8
3
5
3
4
2
4
7
5
6
4
9
1
4
1
2
6
6
4
4
3
3
4
2
2
2
3
3
3
1
1
1
2
3
6
2
6
2
13
2
5
3
3
1
2
3
4
9
9
1
4
3
2
2
8
2
1
6
6
8
3
1
10
3
4
7
7
6
1
3
1
4
3
12
1
1
1
2
2
2
1
2
3
1
1
6
2
2
1
8
2
2
2
5
2
7
5
1
6
2
6
1
3
10
10
1
2
2
3
3
1
3
6
5
2
2
3
2
4
1
2
3
5
7
5
5
5
1
3
4
2
2
1
5
4
4
