3
2
2
5
1
8
1
2
1
2
2
7
2
4
2
2
2
2
1
8
4
1
4
2
5
4
3
1
5
4
2
1
1
2
3
1
3
1
10
8
4
2
2
3
2
3
6
2
2
16
3
1
5
3
3
1
2
2
1
5
3
2
1
2
3
4
1
2
3
3
4
2
2
2
4
6
3
7
6
1
3
1
2
7
10
9
1
4
3
2
2
1
6
2
1
4
4
2
2
2
3
3
3
1
2
2
1
1
2
3
3
9
3
5
2
1
5
2
2
5
1
5
5
11
20
3
2
1
7
4
2
4
2
3
2
3
2
1
4
3
3
3
2
2
2
2
6
9
4
2
1
5
4
1
6
2
4
3
4
1
3
4
4
3
4
1
2
1
4
4
2
3
4
2
2
3
2
2
3
1
3
2
3
2
3
2
2
3
2
7
3
2
5
8
3
5
1
5
2
2
1
2
2
6
4
5
6
9
5
1
4
9
4
4
4
2
1
6
1
6
2
2
6
2
6
2
6
1
3
5
1
11
3
4
4
2
2
1
8
1
1
1
2
2
3
5
1
3
4
1
1
1
1
5
8
2
2
12
6
5
4
2
3
1
1
1
4
9
1
2
1
4
2
2
6
11
10
1
3
8
1
3
5
2
2
4
5
2
3
4
4
2
1
1
3
3
4
3
2
3
2
3
3
3
9
3
5
7
1
4
1
6
15
4
3
4
3
6
1
7
4
2
3
1
1
2
4
1
1
2
13
1
2
3
2
6
4
8
4
3
3
10
7
2
2
2
14
